// Jest Snapshot v1, https://goo.gl/fbAQLP

exports[`Header Component Snapshot test Renders the UI as expected 1`] = `
<header
  className="group wrapper"
>
  <a
    className="item"
    href="/"
    onClick={[Function]}
  >
    <h1>
      Acclimate.
    </h1>
  </a>
  <nav
    className="group item"
  >
    <ul>
      <li
        className="tooltip"
      >
        <a
          className=""
          href="/loginpage"
          onClick={[Function]}
        >
          Login
        </a>
      </li>
      <li>
        <a
          className=""
          href="/signuppage"
          onClick={[Function]}
        >
          Signup
        </a>
      </li>
    </ul>
  </nav>
</header>
`;
