// Jest Snapshot v1, https://goo.gl/fbAQLP

exports[`SearchPage Component Snapshot test Renders the UI as expected 1`] = `
Array [
  <h2
    className="center"
  >
    Select a Disaster Program
  </h2>,
  <form
    className="search-form-group"
  >
    
    <div
      className="search-form-inputs-group"
    />
  </form>,
]
`;
