// Jest Snapshot v1, https://goo.gl/fbAQLP

exports[`ShoppingItem Component Snapshot test Renders the UI as expected 1`] = `
<div
  className="list-item-group"
>
  <button
    className="y-btn"
    onClick={[Function]}
  >
    <i
      className="material-icons"
    >
      check
    </i>
  </button>
  <input
    className="list-item-input"
    defaultValue="Logs"
    onChange={[Function]}
    type="text"
  />
  <button
    className="r-btn"
    onClick={[Function]}
  >
    <i
      className="material-icons"
    >
      delete
    </i>
  </button>
</div>
`;
