// Jest Snapshot v1, https://goo.gl/fbAQLP

exports[`SignUpForm Component Snapshot test Renders the UI as expected 1`] = `
<form
  className="white"
  onSubmit={[Function]}
>
  
  <label
    htmlFor="user_full_name"
  >
    Enter Full Name:
  </label>
  <input
    id="user_full_name"
    type="text"
  />
  <label
    htmlFor="user_name"
  >
    Enter New Username:
  </label>
  <input
    id="user_name"
    onChange={[Function]}
    type="text"
  />
  <div
    className="input-tooltip"
  >
    <label
      htmlFor="user_password"
    >
      Enter New Password:
    </label>
    <input
      id="user_password"
      type="password"
    />
    <span
      className="input-tooltiptext"
    >
      Password must not start nor end with spaces, have more than 8 characters, and contain 1 upper, 1 lower, 1 number, and 1 special character.
    </span>
  </div>
  <div>
    <button
      className="y-btn"
    >
      <i
        className="material-icons"
      >
        create
      </i>
    </button>
  </div>
</form>
`;
