// Jest Snapshot v1, https://goo.gl/fbAQLP

exports[`TaskList Component Snapshot test Renders the UI as expected 1`] = `
Array [
  <h2
    className="center"
  >
    Task List
  </h2>,
  <form
    className="list-item-group"
    onSubmit={[Function]}
  >
    <input
      className="list-item-input"
      name="add_user_task"
      placeholder="Enter task"
      type="text"
    />
    <button
      className="tooltip y-btn"
    >
      <i
        className="material-icons"
      >
        add_circle
      </i>
      <span
        className="long tooltiptext"
      >
        Click to add to your task list
      </span>
    </button>
  </form>,
]
`;
