// Jest Snapshot v1, https://goo.gl/fbAQLP

exports[`TaskList Component Snapshot test Renders the UI as expected 1`] = `
Array [
  <h2
    className="center"
  >
    Task List
  </h2>,
  <form
    className="list-group"
    onSubmit={[Function]}
  >
    <input
      className="item-input"
      name="add_user_task"
      placeholder="Enter task"
      type="text"
    />
    <button
      className="y-btn"
    >
      <i
        className="material-icons"
      >
        add_circle
      </i>
    </button>
  </form>,
]
`;
